// Jest Snapshot v1, https://goo.gl/fbAQLP

exports[`Footer renders properly 1`] = `
<footer
  className="footer"
>
  <h4>
    Clicked people history:
  </h4>
  <ul
    style={
      Object {
        "columns": 3,
        "listStyleType": "none",
      }
    }
  />
</footer>
`;
